
> antiquachain-frontend@0.1.0 build
> next build

  Γû▓ Next.js 14.2.29

   Creating an optimized production build ...
node.exe : <w> 
[webpack.cache.PackFileCacheStrategy] 
Caching failed for pack: Error: Unable 
to snapshot resolve dependencies
At C:\Program Files\nodejs\npm.ps1:29 
char:3
+   & $NODE_EXE $NPM_CLI_JS $args
+   ~~~~~~~~~~~~~~~~~~~~~~~~~~~~~
    + CategoryInfo          : NotSpeci 
   fied: (<w> [webpack.ca...ve depend  
  encies:String) [], RemoteException
    + FullyQualifiedErrorId : NativeCo 
   mmandError
 
(node:22792) ExperimentalWarning: 
CommonJS module C:\Users\zainv\.gemini\
antigravity\scratch\antiquachain\fronte
nd\node_modules\tailwindcss\lib\lib\loa
d-config.js is loading ES Module C:\Use
rs\zainv\.gemini\antigravity\scratch\an
tiquachain\frontend\tailwind.config.ts 
using require().
Support for loading ES Module in 
require() is an experimental feature 
and might change at any time
(Use `node --trace-warnings ...` to 
show where the warning was created)
<w> 
[webpack.cache.PackFileCacheStrategy] 
Caching failed for pack: Error: Unable 
to snapshot resolve dependencies
 Γ£ô Compiled successfully
   Linting and checking validity of types ...
   Collecting page data ...
   Generating static pages (0/11) ...
TypeError: o.find(...)?.icon is not a 
function
    at g (C:\Users\zainv\.gemini\antigr
avity\scratch\antiquachain\frontend\.ne
xt\server\app\dashboard\page.js:1:8012)
    at nj (C:\Users\zainv\.gemini\antig
ravity\scratch\antiquachain\frontend\no
de_modules\next\dist\compiled\next-serv
er\app-page.runtime.prod.js:12:46252)
    at nM (C:\Users\zainv\.gemini\antig
ravity\scratch\antiquachain\frontend\no
de_modules\next\dist\compiled\next-serv
er\app-page.runtime.prod.js:12:47572)
    at nN (C:\Users\zainv\.gemini\antig
ravity\scratch\antiquachain\frontend\no
de_modules\next\dist\compiled\next-serv
er\app-page.runtime.prod.js:12:64547)
    at nI (C:\Users\zainv\.gemini\antig
ravity\scratch\antiquachain\frontend\no
de_modules\next\dist\compiled\next-serv
er\app-page.runtime.prod.js:12:47011)
    at nM (C:\Users\zainv\.gemini\antig
ravity\scratch\antiquachain\frontend\no
de_modules\next\dist\compiled\next-serv
er\app-page.runtime.prod.js:12:47718)
    at nM (C:\Users\zainv\.gemini\antig
ravity\scratch\antiquachain\frontend\no
de_modules\next\dist\compiled\next-serv
er\app-page.runtime.prod.js:12:61547)
    at nN (C:\Users\zainv\.gemini\antig
ravity\scratch\antiquachain\frontend\no
de_modules\next\dist\compiled\next-serv
er\app-page.runtime.prod.js:12:64547)
    at nB (C:\Users\zainv\.gemini\antig
ravity\scratch\antiquachain\frontend\no
de_modules\next\dist\compiled\next-serv
er\app-page.runtime.prod.js:12:67539)
    at nD (C:\Users\zainv\.gemini\antig
ravity\scratch\antiquachain\frontend\no
de_modules\next\dist\compiled\next-serv
er\app-page.runtime.prod.js:12:66681) {
  digest: '4047546704'
}

Error occurred prerendering page 
"/dashboard". Read more: https://nextjs
.org/docs/messages/prerender-error

TypeError: o.find(...)?.icon is not a 
function
    at g (C:\Users\zainv\.gemini\antigr
avity\scratch\antiquachain\frontend\.ne
xt\server\app\dashboard\page.js:1:8012)
    at nj (C:\Users\zainv\.gemini\antig
ravity\scratch\antiquachain\frontend\no
de_modules\next\dist\compiled\next-serv
er\app-page.runtime.prod.js:12:46252)
    at nM (C:\Users\zainv\.gemini\antig
ravity\scratch\antiquachain\frontend\no
de_modules\next\dist\compiled\next-serv
er\app-page.runtime.prod.js:12:47572)
    at nN (C:\Users\zainv\.gemini\antig
ravity\scratch\antiquachain\frontend\no
de_modules\next\dist\compiled\next-serv
er\app-page.runtime.prod.js:12:64547)
    at nI (C:\Users\zainv\.gemini\antig
ravity\scratch\antiquachain\frontend\no
de_modules\next\dist\compiled\next-serv
er\app-page.runtime.prod.js:12:47011)
    at nM (C:\Users\zainv\.gemini\antig
ravity\scratch\antiquachain\frontend\no
de_modules\next\dist\compiled\next-serv
er\app-page.runtime.prod.js:12:47718)
    at nM (C:\Users\zainv\.gemini\antig
ravity\scratch\antiquachain\frontend\no
de_modules\next\dist\compiled\next-serv
er\app-page.runtime.prod.js:12:61547)
    at nN (C:\Users\zainv\.gemini\antig
ravity\scratch\antiquachain\frontend\no
de_modules\next\dist\compiled\next-serv
er\app-page.runtime.prod.js:12:64547)
    at nB (C:\Users\zainv\.gemini\antig
ravity\scratch\antiquachain\frontend\no
de_modules\next\dist\compiled\next-serv
er\app-page.runtime.prod.js:12:67539)
    at nD (C:\Users\zainv\.gemini\antig
ravity\scratch\antiquachain\frontend\no
de_modules\next\dist\compiled\next-serv
er\app-page.runtime.prod.js:12:66681)
   Generating static pages (2/11) 
   Generating static pages (5/11) 
   Generating static pages (8/11) 
 Γ£ô Generating static pages (11/11)

> Export encountered errors on 
following paths:
	/dashboard/page: /dashboard
